[dunetrektours.com/index.html]
[backblue.gif]
[fade.gif]
[index.html]
[dunetrektours.com/wp-content/themes/triply/assets/fonts/icons/triply-icon-2.3.9.woff2]
[dunetrektours.com/wp-content/themes/triply/assets/fonts/new/TheaAmeliaRegular.woff2]
[dunetrektours.com/wp-json/oembed/1.0/embed7e64.json]
[dunetrektours.com/feed/index.html]
[dunetrektours.com/comments/feed/index.html]
[dunetrektours.com/wp-json/oembed/1.0/embed3921]
[dunetrektours.com/wp-content/plugins/click-to-chat-for-whatsapp/new/inc/assets/css/mainb9de.css]
[dunetrektours.com/wp-content/plugins/ba-book-everything/css/admin/babe-admin-elementorb34e.css]
[dunetrektours.com/wp-content/themes/triply/assets/css/base/gutenberg-blocks6259.css]
[dunetrektours.com/wp-content/plugins/ba-book-everything/js/ion.rangeSlider/ion.rangeSlider.mine8d2.css]
[dunetrektours.com/wp-content/plugins/ba-book-everything/css/daterangepickere8d2.css]
[dunetrektours.com/wp-content/plugins/ba-book-everything/css/select2.mine8d2.css]
[dunetrektours.com/wp-content/plugins/ba-book-everything/css/babe-modale8d2.css]
[dunetrektours.com/wp-content/plugins/ba-book-everything/css/jquery-ui.mine8d2.css]
[dunetrektours.com/wp-content/plugins/contact-form-7/includes/css/stylesb5e1.css]
[dunetrektours.com/wp-content/plugins/wp-tripadvisor-review-slider/public/css/wptripadvisor_all7cf4.css]
[dunetrektours.com/wp-content/plugins/omnisend/styles/site-styles08f5.css]
[dunetrektours.com/wp-content/themes/triply/style6259.css]
[dunetrektours.com/wp-content/plugins/elementor/assets/css/frontend.min787f.css]
[dunetrektours.com/wp-content/uploads/elementor/css/post-14ab8a.css]
[dunetrektours.com/wp-content/themes/triply/assets/css/libs/magnific-popup6259.css]
[dunetrektours.com/wp-content/themes/triply/assets/css/libs/tooltipster.bundle.min6259.css]
[dunetrektours.com/wp-content/plugins/elementor-pro/assets/css/frontend.min28fc.css]
[dunetrektours.com/wp-content/plugins/elementor/assets/lib/font-awesome/css/all.min787f.css]
[dunetrektours.com/wp-content/plugins/elementor/assets/lib/font-awesome/css/v4-shims.min787f.css]
[dunetrektours.com/wp-content/plugins/elementskit/modules/mouse-cursor/assets/css/stylef4e1.css]
[dunetrektours.com/wp-content/plugins/elementor/assets/css/widget-heading.min787f.css]
[dunetrektours.com/wp-content/plugins/elementor/assets/css/widget-image.min787f.css]
[dunetrektours.com/wp-content/plugins/elementor/assets/css/widget-spacer.min787f.css]
[dunetrektours.com/wp-content/plugins/elementor/assets/css/widget-counter.min787f.css]
[dunetrektours.com/wp-content/plugins/elementor/assets/css/widget-icon-box.min787f.css]
[dunetrektours.com/wp-content/plugins/elementor/assets/css/widget-image-box.min787f.css]
[dunetrektours.com/wp-content/uploads/elementor/css/post-74821776.css]
[dunetrektours.com/wp-content/uploads/elementor/css/post-15891312.css]
[dunetrektours.com/wp-content/uploads/elementor/css/post-12091312.css]
[dunetrektours.com/wp-content/uploads/elementor/css/post-78151312.css]
[dunetrektours.com/wp-content/uploads/elementor/css/post-4961312.css]
[dunetrektours.com/wp-content/plugins/elementskit/modules/parallax/assets/css/stylef4e1.css]
[dunetrektours.com/wp-content/themes/triply/assets/css/base/elementor6259.css]
[dunetrektours.com/wp-content/themes/triply-child/style6259.css]
[dunetrektours.com/wp-content/plugins/elementskit-lite/widgets/init/assets/css/widget-styles7e2e.css]
[dunetrektours.com/wp-content/plugins/elementskit/widgets/init/assets/css/widget-styles-prof4e1.css]
[dunetrektours.com/wp-content/plugins/elementskit-lite/widgets/init/assets/css/responsive7e2e.css]
[dunetrektours.com/wp-includes/js/jquery/jquery.minf43b.js]
[dunetrektours.com/wp-includes/js/jquery/jquery-migrate.min5589.js]
[dunetrektours.com/wp-content/plugins/wp-tripadvisor-review-slider/public/js/wprs-unslider-swipe7cf4.js]
[dunetrektours.com/wp-content/plugins/wp-tripadvisor-review-slider/public/js/wprev-public7cf4.js]
[dunetrektours.com/wp-content/themes/triply/assets/js/frontend/wishlist6259.js]
[dunetrektours.com/wp-content/plugins/elementor/assets/lib/font-awesome/js/v4-shims.min787f.js]
[dunetrektours.com/wp-content/plugins/elementskit/modules/parallax/assets/js/jarallaxf4e1.js]
[dunetrektours.com/wp-json/index.html]
[dunetrektours.com/wp-json/wp/v2/pages/7482.json]
[dunetrektours.com/wp-content/uploads/2024/12/dark-logo-100x100.png]
[dunetrektours.com/wp-content/uploads/2024/12/dark-logo.png]
[dunetrektours.com/wp-content/uploads/2024/12/cropped-cropped-white-logos-1.png]
[dunetrektours.com/wp-content/uploads/2024/08/caml.png]
[dunetrektours.com/wp-content/uploads/2024/08/mourad-saadi-2lwMOji03SY-unsplash-scaled.jpg]
[dunetrektours.com/one-day-trip/index.html]
[dunetrektours.com/wp-content/uploads/elementor/thumbs/tommy-cornilleau-c-osAj9z0KQ-unsplash-scaled-r9ai4pqnvi0ewlxc1ig2xrr8rt1k212ddc19zygf0k.jpg]
[dunetrektours.com/destinations-2/index.html]
[dunetrektours.com/wp-content/uploads/elementor/thumbs/MKIO-scaled-r9ai4nuzhtxu9e02chmtss8bl1atmmuwp2qb1ej7d0.jpg]
[dunetrektours.com/trek/index.html]
[dunetrektours.com/wp-content/uploads/elementor/thumbs/atlas-mountains-ourika-r9ai4gc9z5njoiazkedt8u4mtybvx21201if76ucqs.jpg]
[dunetrektours.com/multi-day-trip/index.html]
[dunetrektours.com/about-us/index.html]
[dunetrektours.com/wp-content/uploads/elementor/thumbs/DROMADAIRE-SCARABEO-ATLAS-COUPLE-r9ai4gc9z5njoiazkedt8u4mtybvx21201if76ucqs.jpg]
[dunetrektours.com/one-day-trip/cooking-class-in-the-atlas-mountains/index.html]
[dunetrektours.com/contact/index.html]
[dunetrektours.com/wp-content/uploads/elementor/thumbs/cassie-smart-wMxlI-RiAMM-unsplash-scaled-r9ai4direnjopof30v5xjcu91sps9ypuznjyrcyj9g.jpg]
[dunetrektours.com/one-day-trip/one-day-private-guided-tour-of-marrakech/index.html]
[dunetrektours.com/wp-content/uploads/elementor/thumbs/WhatsApp-Image-2024-12-05-at-22.24.04-r9ai4vdp0i84u9p54kvucqc0c49rc7ore3y6vm81z8.jpg]
[dunetrektours.com/one-day-trip/to-essaouira-from-marrakech/index.html]
[dunetrektours.com/wp-content/plugins/wp-tripadvisor-review-slider/public/partials/imgs/tripadvisor_stars_5.png]
[dunetrektours.com/wp-content/plugins/wp-tripadvisor-review-slider/public/partials/imgs/tripadvisor_outline.png]
[media-cdn.tripadvisor.com/media/photo-l/2e/c9/bd/93/flyer795472.jpg]
[media-cdn.tripadvisor.com/media/photo-l/1a/f6/e7/3d/default-avatar-2020-55.jpg]
[dunetrektours.com/multi-day-trip/3-day-trip-merzouga/index.html]
[dunetrektours.com/one-day-trip/agafay-desert/index.html]
[media-cdn.tripadvisor.com/media/photo-l/1a/f6/f4/20/default-avatar-2020-31.jpg]
[dunetrektours.com/wp-content/uploads/2020/11/footer_2-image-1.png]
[dunetrektours.com/multi-day-trip/2-day-zagora-desert-adventure/index.html]
[dunetrektours.com/destination-2]
[dunetrektours.com/844-1755-44411]
[dunetrektours.com/my-account/indexc2b6.html]
[dunetrektours.com/cdn-cgi/l/email-protection]
[dunetrektours.com/cdn-cgi/scripts/5c5dd728/cloudflare-static/email-decode.min.js]
[dunetrektours.com/wp-content/plugins/elementor/assets/css/widget-icon-list.min787f.css]
[dunetrektours.com/wp-content/plugins/elementor/assets/css/widget-social-icons.min787f.css]
[dunetrektours.com/wp-content/plugins/elementor/assets/css/conditionals/apple-webkit.min787f.css]
[dunetrektours.com/wp-content/plugins/elementor/assets/lib/animations/styles/slideInLeft.min787f.css]
[dunetrektours.com/wp-content/plugins/elementor/assets/lib/animations/styles/fadeInRight.min787f.css]
[dunetrektours.com/wp-content/plugins/elementskit-lite/modules/elementskit-icon-pack/assets/css/ekiticons7e2e.css]
[dunetrektours.com/wp-content/plugins/elementskit/modules/pro-form-reset-button/assets/css/elementskit-reset-buttonf4e1.css]
[dunetrektours.com/wp-content/plugins/elementskit/modules/particles/assets/css/particlesf4e1.css]
[dunetrektours.com/wp-content/plugins/click-to-chat-for-whatsapp/new/inc/assets/js/appb9de.js]
[dunetrektours.com/wp-includes/js/jquery/ui/core.minb37e.js]
[dunetrektours.com/wp-includes/js/jquery/ui/mouse.minb37e.js]
[dunetrektours.com/wp-includes/js/jquery/ui/slider.minb37e.js]
[dunetrektours.com/wp-content/plugins/elementskit-lite/widgets/init/assets/js/widget-scripts7e2e.js]
[dunetrektours.com/wp-content/plugins/ba-book-everything/js/select2.full.mine8d2.js]
[dunetrektours.com/wp-content/plugins/ba-book-everything/js/jquery.validate.mine8d2.js]
[dunetrektours.com/wp-content/plugins/ba-book-everything/js/utile8d2.js]
[dunetrektours.com/wp-content/plugins/ba-book-everything/js/babe-modale8d2.js]
[dunetrektours.com/wp-content/plugins/ba-book-everything/js/modale8d2.js]
[dunetrektours.com/wp-includes/js/dist/vendor/moment.minf799.js]
[dunetrektours.com/wp-content/plugins/ba-book-everything/js/daterangepickere8d2.js]
[dunetrektours.com/wp-content/plugins/ba-book-everything/js/ion.rangeSlider/ion.rangeSlider.mine8d2.js]
[dunetrektours.com/wp-content/plugins/ba-book-everything/js/babe-scriptse8d2.js]
[dunetrektours.com/wp-includes/js/jquery/ui/datepicker.minb37e.js]
[dunetrektours.com/wp-includes/js/dist/hooks.minaf5f.js]
[dunetrektours.com/wp-includes/js/dist/i18n.min1cde.js]
[dunetrektours.com/wp-content/plugins/contact-form-7/includes/swv/js/indexb5e1.js]
[dunetrektours.com/wp-content/plugins/contact-form-7/includes/js/indexb5e1.js]
[dunetrektours.com/wp-includes/js/underscore.min3ab8.js]
[dunetrektours.com/wp-includes/js/wp-util.minb34e.js]
[dunetrektours.com/wp-content/themes/triply/assets/js/frontend/main6259.js]
[dunetrektours.com/wp-content/themes/triply/assets/js/skip-link-focus-fix.min08e0.js]
[dunetrektours.com/wp-content/themes/triply/assets/js/frontend/text-editor6259.js]
[dunetrektours.com/wp-content/themes/triply/assets/js/frontend/nav-mobile6259.js]
[dunetrektours.com/wp-content/themes/triply/assets/js/vendor/jquery.magnific-popup.min6259.js]
[dunetrektours.com/wp-content/themes/triply/assets/js/tooltipster.bundle6259.js]
[dunetrektours.com/wp-content/themes/triply/assets/js/frontend/login6259.js]
[dunetrektours.com/wp-content/plugins/elementor/assets/js/webpack.runtime.min787f.js]
[dunetrektours.com/wp-content/plugins/elementor/assets/js/frontend-modules.min787f.js]
[dunetrektours.com/wp-content/plugins/elementor/assets/js/frontend.min787f.js]
[dunetrektours.com/wp-content/plugins/elementor/assets/lib/jquery-numerator/jquery-numerator.min3958.js]
[dunetrektours.com/wp-content/plugins/elementskit/modules/parallax/assets/js/animef4e1.js]
[dunetrektours.com/wp-content/plugins/elementskit/modules/parallax/assets/js/parallax-frontendf4e1.js]
[dunetrektours.com/wp-content/plugins/elementor-pro/assets/js/webpack-pro.runtime.min28fc.js]
[dunetrektours.com/wp-content/plugins/elementor-pro/assets/js/frontend.min28fc.js]
[dunetrektours.com/wp-content/plugins/elementor-pro/assets/js/elements-handlers.min28fc.js]
[dunetrektours.com/wp-content/plugins/elementskit-lite/widgets/init/assets/js/elementor7e2e.js]
[dunetrektours.com/wp-content/plugins/elementskit/widgets/init/assets/js/elementorf4e1.js]
[dunetrektours.com/wp-content/plugins/elementskit/modules/sticky-content/assets/js/elementskit-sticky-contentf4e1.js]
[dunetrektours.com/wp-content/plugins/elementskit/modules/pro-form-reset-button/assets/js/elementskit-reset-buttonf4e1.js]
[dunetrektours.com/wp-content/plugins/elementskit/modules/particles/assets/js/particles.minf4e1.js]
[dunetrektours.com/wp-content/plugins/elementskit/modules/particles/assets/js/ekit-particlesf4e1.js]
[dunetrektours.com/wp-content/plugins/elementskit/modules/parallax/assets/js/parallax-adminf4e1.js]
[dunetrektours.com/wp-content/themes/triply/assets/js/elementor-frontend6259.js]
[dunetrektours.com/wp-content/plugins/elementskit/modules/wrapper-link/assets/js/wrapperf4e1.js]
[dunetrektours.com/wp-content/plugins/elementskit/modules/mouse-cursor/assets/js/cotton.minf4e1.js]
[dunetrektours.com/index.html]
[dunetrektours.com/wp-content/plugins/click-to-chat-for-whatsapp/new/inc/assets/css/mainb9de.css]
[dunetrektours.com/wp-content/plugins/ba-book-everything/css/admin/babe-admin-elementorb34e.css]
[dunetrektours.com/wp-content/themes/triply/assets/css/base/gutenberg-blocks6259.css]
[dunetrektours.com/wp-content/plugins/ba-book-everything/js/ion.rangeSlider/ion.rangeSlider.mine8d2.css]
[dunetrektours.com/wp-content/plugins/ba-book-everything/css/daterangepickere8d2.css]
[dunetrektours.com/wp-content/plugins/ba-book-everything/css/select2.mine8d2.css]
[dunetrektours.com/wp-content/plugins/ba-book-everything/css/babe-modale8d2.css]
[dunetrektours.com/wp-content/plugins/elementskit/modules/mouse-cursor/assets/js/mouse-cursor-scriptsf4e1.js]
[dunetrektours.com/wp-content/plugins/ba-book-everything/css/img/ui-icons_444444_256x240.png]
[dunetrektours.com/wp-content/plugins/ba-book-everything/css/img/ui-icons_555555_256x240.png]
[dunetrektours.com/wp-content/plugins/ba-book-everything/css/img/ui-icons_ffffff_256x240.png]
[dunetrektours.com/wp-content/plugins/ba-book-everything/css/img/ui-icons_777620_256x240.png]
[dunetrektours.com/wp-content/plugins/ba-book-everything/css/img/ui-icons_cc0000_256x240.png]
[dunetrektours.com/wp-content/plugins/ba-book-everything/css/img/ui-icons_777777_256x240.png]
[dunetrektours.com/wp-content/plugins/ba-book-everything/css/jquery-ui.mine8d2.css]
[dunetrektours.com/wp-content/plugins/contact-form-7/includes/css/stylesb5e1.css]
[dunetrektours.com/wp-content/plugins/wp-tripadvisor-review-slider/public/css/imgs/slider_arrow.png]
[dunetrektours.com/wp-content/plugins/wp-tripadvisor-review-slider/public/css/wptripadvisor_all7cf4.css]
[dunetrektours.com/wp-content/plugins/omnisend/styles/site-styles08f5.css]
[dunetrektours.com/wp-content/themes/triply/assets/fonts/new/TheaAmeliaRegular.eot]
[dunetrektours.com/wp-content/themes/triply/assets/fonts/new/TheaAmeliaRegulard41d.eot]
[dunetrektours.com/wp-content/themes/triply/assets/fonts/new/TheaAmeliaRegular.woff]
[dunetrektours.com/wp-content/themes/triply/assets/fonts/new/TheaAmeliaRegular.ttf]
[dunetrektours.com/wp-content/themes/triply/assets/images/base/select_arrow.png]
[dunetrektours.com/wp-content/themes/triply/assets/images/slick/ajax-loader.gif]
[dunetrektours.com/wp-content/themes/triply/assets/fonts/slick.eot]
[dunetrektours.com/wp-content/themes/triply/assets/fonts/slickd41d.eot]
[dunetrektours.com/wp-content/themes/triply/assets/fonts/slick.woff]
[dunetrektours.com/wp-content/themes/triply/assets/fonts/slick.ttf]
[dunetrektours.com/wp-content/themes/triply/assets/fonts/slick.svg]
[dunetrektours.com/wp-content/themes/triply/assets/fonts/icons/triply-icon-2.3.9.eot]
[dunetrektours.com/wp-content/themes/triply/assets/fonts/icons/triply-icon-2.3.9d41d.eot]
[dunetrektours.com/wp-content/themes/triply/assets/fonts/icons/triply-icon-2.3.9.woff]
[dunetrektours.com/wp-content/themes/triply/assets/fonts/icons/triply-icon-2.3.9.ttf]
[dunetrektours.com/wp-content/themes/triply/style6259.css]
[dunetrektours.com/wp-content/plugins/elementor/assets/css/frontend.min787f.css]
[dunetrektours.com/wp-content/uploads/elementor/css/post-14ab8a.css]
[dunetrektours.com/wp-content/themes/triply/assets/css/libs/magnific-popup6259.css]
[dunetrektours.com/wp-content/themes/triply/assets/css/libs/tooltipster.bundle.min6259.css]
[dunetrektours.com/wp-content/plugins/elementor-pro/assets/css/frontend.min28fc.css]
[dunetrektours.com/wp-content/themes/triply/assets/fonts/icons/triply-icon-2.3.9.svg]
[dunetrektours.com/wp-content/plugins/elementor/assets/lib/font-awesome/webfonts/fa-brands-400.eot]
[dunetrektours.com/wp-content/plugins/elementor/assets/lib/font-awesome/webfonts/fa-brands-400d41d.eot]
[dunetrektours.com/wp-content/plugins/elementor/assets/lib/font-awesome/webfonts/fa-brands-400.woff2]
[dunetrektours.com/wp-content/plugins/elementor/assets/lib/font-awesome/webfonts/fa-brands-400.woff]
[dunetrektours.com/wp-content/plugins/elementor/assets/lib/font-awesome/webfonts/fa-brands-400.ttf]
[dunetrektours.com/wp-content/plugins/elementor/assets/lib/font-awesome/webfonts/fa-brands-400.svg]
[dunetrektours.com/wp-content/plugins/elementor/assets/lib/font-awesome/webfonts/fa-regular-400.eot]
[dunetrektours.com/wp-content/plugins/elementor/assets/lib/font-awesome/webfonts/fa-regular-400d41d.eot]
[dunetrektours.com/wp-content/plugins/elementor/assets/lib/font-awesome/webfonts/fa-regular-400.woff2]
[dunetrektours.com/wp-content/plugins/elementor/assets/lib/font-awesome/webfonts/fa-regular-400.woff]
[dunetrektours.com/wp-content/plugins/elementor/assets/lib/font-awesome/webfonts/fa-regular-400.ttf]
[dunetrektours.com/wp-content/plugins/elementor/assets/lib/font-awesome/webfonts/fa-regular-400.svg]
[dunetrektours.com/wp-content/plugins/elementor/assets/lib/font-awesome/webfonts/fa-solid-900.eot]
[dunetrektours.com/wp-content/plugins/elementor/assets/lib/font-awesome/webfonts/fa-solid-900d41d.eot]
[dunetrektours.com/wp-content/plugins/elementor/assets/lib/font-awesome/webfonts/fa-solid-900.woff2]
[dunetrektours.com/wp-content/plugins/elementor/assets/lib/font-awesome/webfonts/fa-solid-900.woff]
[dunetrektours.com/wp-content/plugins/elementor/assets/lib/font-awesome/webfonts/fa-solid-900.ttf]
[dunetrektours.com/wp-content/plugins/elementor/assets/lib/font-awesome/css/all.min787f.css]
[dunetrektours.com/wp-content/plugins/elementor/assets/lib/font-awesome/css/v4-shims.min787f.css]
[dunetrektours.com/wp-content/plugins/elementskit/modules/mouse-cursor/assets/css/stylef4e1.css]
[dunetrektours.com/wp-content/plugins/elementor/assets/css/widget-heading.min787f.css]
[dunetrektours.com/wp-content/plugins/elementor/assets/css/widget-image.min787f.css]
[dunetrektours.com/wp-content/plugins/elementor/assets/css/widget-spacer.min787f.css]
[dunetrektours.com/wp-content/plugins/elementor/assets/css/widget-counter.min787f.css]
[dunetrektours.com/wp-content/plugins/elementor/assets/css/widget-icon-box.min787f.css]
[dunetrektours.com/wp-content/plugins/elementor/assets/css/widget-image-box.min787f.css]
[dunetrektours.com/wp-content/plugins/elementor/assets/lib/font-awesome/webfonts/fa-solid-900.svg]
[dunetrektours.com/wp-content/uploads/2024/08/il-vagabiondo-vfcIM4WVYQA-unsplash-scaled.jpg]
[dunetrektours.com/wp-content/uploads/2022/09/h5_deco-1.png]
[dunetrektours.com/wp-content/uploads/2022/09/h5_deco-2.png]
[dunetrektours.com/wp-content/uploads/2022/09/h1_deco-3.png]
[dunetrektours.com/wp-content/uploads/2024/08/sergey-pesterev-dnLmApcmNHg-unsplash-1536x1025.jpg]
[dunetrektours.com/wp-content/uploads/2022/09/h5_bg-3.jpg]
[dunetrektours.com/wp-content/uploads/elementor/css/post-74821776.css]
[dunetrektours.com/wp-content/uploads/elementor/css/post-15891312.css]
[dunetrektours.com/wp-content/uploads/elementor/css/post-12091312.css]
[dunetrektours.com/wp-content/uploads/elementor/css/post-78151312.css]
[dunetrektours.com/wp-content/uploads/2020/11/home4_deco-2.png]
[dunetrektours.com/wp-content/uploads/elementor/css/post-4961312.css]
[dunetrektours.com/wp-content/uploads/2020/11/home4_deco-3.png]
[dunetrektours.com/wp-content/plugins/elementskit/modules/parallax/assets/css/stylef4e1.css]
[dunetrektours.com/wp-content/themes/triply/assets/css/base/elementor6259.css]
[dunetrektours.com/wp-content/themes/triply-child/style6259.css]
[dunetrektours.com/wp-content/plugins/elementskit-lite/widgets/init/assets/img/arrow.png]
[dunetrektours.com/wp-content/plugins/elementskit-lite/widgets/init/assets/img/sort_asc.png]
[dunetrektours.com/wp-content/plugins/elementskit-lite/widgets/init/assets/img/sort_desc.png]
[dunetrektours.com/wp-content/plugins/elementskit-lite/widgets/init/assets/img/sort_asc_disabled.png]
[dunetrektours.com/wp-content/plugins/elementskit-lite/widgets/init/assets/css/widget-styles7e2e.css]
[dunetrektours.com/wp-content/plugins/elementskit/widgets/init/assets/css/widget-styles-prof4e1.css]
[dunetrektours.com/wp-content/plugins/elementskit-lite/widgets/init/assets/css/responsive7e2e.css]
[dunetrektours.com/xmlrpc0db0.html]
[dunetrektours.com/wp-content/plugins/elementskit-lite/widgets/init/assets/img/cross-out.svg]
[dunetrektours.com/wp-json/oembed/1.0/embed77a5.json]
[dunetrektours.com/wp-json/oembed/1.0/embeda39e]
[dunetrektours.com/wp-content/plugins/omnisend/styles/site-styles088a.css]
[dunetrektours.com/wp-content/uploads/elementor/css/post-31391a5c.css]
[dunetrektours.com/wp-json/wp/v2/pages/3139.json]
[dunetrektours.com/wp-content/uploads/elementor/thumbs/shutterstock_1844799898_Taghazout_maroc-min.1920x0_q85_format-jpg-r9ai4pqnvi0ewlxc1ig2xrr8rt1k212ddc19zygf0k.jpg]
[dunetrektours.com/destinations-2/844-1755-44411]
[dunetrektours.com/destinations-2/index.html]
[dunetrektours.com/wp-json/oembed/1.0/embed1fb5.json]
[dunetrektours.com/wp-json/oembed/1.0/embedd14c]
[dunetrektours.com/wp-content/plugins/omnisend/styles/site-stylesbce0.css]
[dunetrektours.com/wp-content/uploads/elementor/css/post-11315e72c.css]
[dunetrektours.com/wp-json/wp/v2/pages/11315.json]
[dunetrektours.com/wp-content/uploads/2024/11/tobkal-image--1024x678.webp]
[dunetrektours.com/wp-content/uploads/2024/11/djbel-saghru-.webp]
[dunetrektours.com/wp-content/uploads/2024/11/rose-valley-ouarzazate-1024x684.webp]
[dunetrektours.com/wp-content/uploads/2024/11/jbel-mgoune.webp]
[dunetrektours.com/trek/4-day-toubkal-trek/index.html]
[dunetrektours.com/trek/Jebel-Saghro-Trek/index.html]
[dunetrektours.com/trek/Rose-Valley-trek/index.html]
[dunetrektours.com/trek/844-1755-44411]
[dunetrektours.com/trek/index.html]
[dunetrektours.com/trek/Mount-mgoun-trek/index.html]
[dunetrektours.com/wp-json/oembed/1.0/embed02a5.json]
[dunetrektours.com/wp-json/oembed/1.0/embedd873]
[dunetrektours.com/wp-content/plugins/omnisend/styles/site-stylese741.css]
[dunetrektours.com/wp-content/uploads/elementor/css/post-11313a5e8.css]
[dunetrektours.com/wp-json/wp/v2/pages/11313.json]
[dunetrektours.com/wp-content/uploads/2024/11/imlil-valley.webp]
[dunetrektours.com/wp-content/uploads/2024/11/Pasted-image.webp]
[dunetrektours.com/wp-content/uploads/2024/08/toa-heftiba-pcbSQTQr2-I-unsplash-1024x683.jpg]
[dunetrektours.com/wp-content/uploads/2024/11/ballon-air-marrkech-1536x2048.webp]
[dunetrektours.com/wp-content/uploads/2024/08/MKIO-1024x683.jpg]
[dunetrektours.com/wp-content/uploads/2024/11/ozzod-waterfall.jpg]
[dunetrektours.com/one-day-trip/hot-air-balloon-adventure-in-marrakech/index.html]
[dunetrektours.com/wp-content/uploads/2024/11/agafay-desert-morroco--1024x767.webp]
[dunetrektours.com/one-day-trip/from-marrakech-to-imlil/index.html]
[dunetrektours.com/one-day-trip/private-trip-to-ourika-valley/index.html]
[dunetrektours.com/wp-content/uploads/2024/08/atlas-mountains-ourika-1024x1024.jpg]
[dunetrektours.com/wp-content/uploads/2024/08/mourad-saadi-2lwMOji03SY-unsplash-684x1024.jpg]
[dunetrektours.com/one-day-trip/from-marrakech-to-ait-ben-haddou/index.html]
[dunetrektours.com/one-day-trip/to-ouzoud-waterfalls/index.html]
[dunetrektours.com/one-day-trip/844-1755-44411]
[dunetrektours.com/one-day-trip/index.html]
[dunetrektours.com/wp-json/oembed/1.0/embed8ece.json]
[dunetrektours.com/wp-json/oembed/1.0/embedf4a8]
[dunetrektours.com/wp-content/plugins/omnisend/styles/site-styles674d.css]
[dunetrektours.com/wp-content/uploads/elementor/css/post-11314c5be.css]
[dunetrektours.com/wp-json/wp/v2/pages/11314.json]
[dunetrektours.com/wp-content/uploads/2024/08/kristijan-nikodinovski-nkav4Pi-UwY-unsplash-1024x683.jpg]
[dunetrektours.com/wp-content/uploads/2024/08/jessica-arias-WoCgJypSyGI-unsplash-1024x683.jpg]
[dunetrektours.com/wp-content/uploads/2024/12/WhatsApp-Image-2024-12-05-at-22.25.08-910x1024.jpg]
[dunetrektours.com/wp-content/uploads/2024/12/WhatsApp-Image-2024-12-05-at-22.08.48-838x1024.jpg]
[dunetrektours.com/multi-day-trip/9-day-morocco-adventure/index.html]
[dunetrektours.com/multi-day-trip/844-1755-44411]
[dunetrektours.com/multi-day-trip/index.html]
[dunetrektours.com/multi-day-trip/a-3-day-tour-from-fes-to-merzouga/index.html]
[dunetrektours.com/wp-json/oembed/1.0/embed8765.json]
[dunetrektours.com/wp-json/oembed/1.0/embed6785]
[dunetrektours.com/wp-content/uploads/elementor/css/post-61450df.css]
[dunetrektours.com/wp-json/wp/v2/pages/614.json]
[dunetrektours.com/wp-content/uploads/2020/11/about_image-2.png]
[dunetrektours.com/wp-content/uploads/2024/12/ismailprofile-150x150.png]
[media-cdn.tripadvisor.com/media/photo-s/2e/ab/3e/eb/caption.jpg]
[media-cdn.tripadvisor.com/media/photo-s/2e/ab/3e/ec/caption.jpg]
[media-cdn.tripadvisor.com/media/photo-s/2e/ab/3e/ed/caption.jpg]
[media-cdn.tripadvisor.com/media/photo-s/2e/ab/3e/ee/caption.jpg]
[media-cdn.tripadvisor.com/media/photo-l/1a/f6/f0/48/default-avatar-2020-15.jpg]
[media-cdn.tripadvisor.com/media/photo-s/2e/71/23/bc/caption.jpg]
[media-cdn.tripadvisor.com/media/photo-s/2e/71/23/bd/caption.jpg]
[media-cdn.tripadvisor.com/media/photo-s/2e/71/23/bf/caption.jpg]
[media-cdn.tripadvisor.com/media/photo-s/2e/71/23/c1/caption.jpg]
[media-cdn.tripadvisor.com/media/photo-l/06/cb/dc/ae/9022marian.jpg]
[media-cdn.tripadvisor.com/media/photo-s/2e/c9/69/9d/caption.jpg]
[media-cdn.tripadvisor.com/media/photo-s/2e/c9/69/9e/caption.jpg]
[media-cdn.tripadvisor.com/media/photo-s/2e/c9/69/9f/caption.jpg]
[media-cdn.tripadvisor.com/media/photo-s/2e/c9/69/a0/caption.jpg]
[media-cdn.tripadvisor.com/media/photo-s/2e/96/c7/f1/caption.jpg]
[media-cdn.tripadvisor.com/media/photo-s/2e/96/c7/f2/caption.jpg]
[media-cdn.tripadvisor.com/media/photo-s/2e/96/c7/f3/caption.jpg]
[media-cdn.tripadvisor.com/media/photo-s/2e/96/c7/f4/caption.jpg]
[media-cdn.tripadvisor.com/media/photo-s/2e/d6/58/d1/caption.jpg]
[media-cdn.tripadvisor.com/media/photo-s/2e/d6/58/d2/caption.jpg]
[media-cdn.tripadvisor.com/media/photo-s/2e/d6/58/d3/caption.jpg]
[media-cdn.tripadvisor.com/media/photo-l/09/11/7e/f8/paola-c.jpg]
[dunetrektours.com/about-us/844-1755-44411]
[dunetrektours.com/about-us/index.html]
[dunetrektours.com/wp-json/oembed/1.0/embedb49d.json]
[dunetrektours.com/wp-json/oembed/1.0/embed9d9a]
[dunetrektours.com/wp-content/plugins/omnisend/styles/site-styles3952.css]
[dunetrektours.com/wp-content/plugins/elementor/assets/css/widget-google_maps.min787f.css]
[dunetrektours.com/wp-content/uploads/elementor/css/post-89055ac.css]
[dunetrektours.com/wp-json/wp/v2/pages/890.json]
[dunetrektours.com/contact/_212610948190]
[dunetrektours.com/contact/844-1755-44411]
[dunetrektours.com/contact/index.html]
[dunetrektours.com/wp-json/oembed/1.0/embed42f8.json]
[dunetrektours.com/wp-json/oembed/1.0/embed05a5]
[dunetrektours.com/wp-content/plugins/omnisend/styles/site-styles4039.css]
[dunetrektours.com/wp-content/plugins/elementor/assets/css/conditionals/shapes.min787f.css]
[dunetrektours.com/wp-content/plugins/elementor/assets/lib/swiper/v8/css/swiper.min94a4.css]
[dunetrektours.com/wp-content/plugins/elementor/assets/css/conditionals/e-swiper.min787f.css]
[dunetrektours.com/wp-content/uploads/elementor/css/post-125950b89.css]
[dunetrektours.com/wp-content/uploads/elementor/google-fonts/css/archivo72db.css]
[dunetrektours.com/wp-content/uploads/elementor/google-fonts/css/playfairdisplayea23.css]
[dunetrektours.com/wp-json/wp/v2/pages/12595.json]
[dunetrektours.com/wp-content/uploads/2024/12/WhatsApp-Image-2024-12-06-at-00.17.42-1024x1000.jpg]
[dunetrektours.com/wp-content/uploads/2024/12/WhatsApp-Image-2024-12-06-at-00.17.28-1024x923.jpg]
[dunetrektours.com/wp-content/uploads/2024/12/WhatsApp-Image-2024-12-06-at-00.17.14-948x1024.jpg]
[dunetrektours.com/wp-content/uploads/2024/12/WhatsApp-Image-2024-12-06-at-00.16.27-823x1024.jpg]
[dunetrektours.com/wp-content/uploads/2024/12/WhatsApp-Image-2024-12-06-at-00.16.38-923x1024.jpg]
[dunetrektours.com/wp-content/uploads/2024/12/WhatsApp-Image-2024-12-06-at-00.20.21-768x1024.jpg]
[dunetrektours.com/wp-content/uploads/2024/12/WhatsApp-Image-2024-12-04-at-23.57.18-869x1024.jpg]
[dunetrektours.com/wp-content/uploads/2024/08/imen-chakir-YeLWmnYxwZ0-unsplash-768x1024.jpg]
[dunetrektours.com/wp-content/uploads/2024/08/tommy-cornilleau-c-osAj9z0KQ-unsplash-1024x591.jpg]
[dunetrektours.com/one-day-trip/one-day-private-guided-tour-of-marrakech/844-1755-44411]
[dunetrektours.com/one-day-trip/one-day-private-guided-tour-of-marrakech/index.html]
[dunetrektours.com/wp-content/plugins/elementor/assets/lib/swiper/v8/swiper.min94a4.js]
[dunetrektours.com/wp-json/oembed/1.0/embed1124.json]
[dunetrektours.com/wp-json/oembed/1.0/embedc275]
[dunetrektours.com/wp-content/plugins/omnisend/styles/site-styles0702.css]
[dunetrektours.com/wp-content/uploads/elementor/css/post-11686c2b8.css]
[dunetrektours.com/wp-json/wp/v2/pages/11686.json]
[dunetrektours.com/wp-content/uploads/2024/12/WhatsApp-Image-2024-12-04-at-23.44.24-838x1024.jpg]
[dunetrektours.com/wp-content/uploads/2024/12/WhatsApp-Image-2024-12-04-at-23.44.10-837x1024.jpg]
[dunetrektours.com/wp-content/uploads/2024/12/WhatsApp-Image-2024-12-04-at-23.43.38-817x1024.jpg]
[dunetrektours.com/wp-content/uploads/2024/12/WhatsApp-Image-2024-12-04-at-23.43.47-837x1024.jpg]
[dunetrektours.com/wp-content/uploads/2024/12/WhatsApp-Image-2024-12-04-at-23.56.49-840x1024.jpg]
[dunetrektours.com/wp-content/uploads/2024/12/WhatsApp-Image-2024-12-04-at-23.56.59-859x1024.jpg]
[dunetrektours.com/wp-content/uploads/2024/12/WhatsApp-Image-2024-12-04-at-23.56.22-785x1024.jpg]
[dunetrektours.com/wp-content/uploads/2024/12/WhatsApp-Image-2024-12-04-at-23.56.36-597x1024.jpg]
[dunetrektours.com/one-day-trip/to-essaouira-from-marrakech/844-1755-44411]
[dunetrektours.com/one-day-trip/to-essaouira-from-marrakech/index.html]
[dunetrektours.com/wp-json/oembed/1.0/embed7beb.json]
[dunetrektours.com/wp-json/oembed/1.0/embed3a4b]
[dunetrektours.com/wp-content/plugins/omnisend/styles/site-stylesddb4.css]
[dunetrektours.com/wp-content/uploads/elementor/css/post-1169547e9.css]
[dunetrektours.com/wp-json/wp/v2/pages/11695.json]
[dunetrektours.com/wp-content/uploads/2024/12/WhatsApp-Image-2024-12-02-at-11.17.18-768x1024.jpg]
[dunetrektours.com/wp-content/uploads/2024/12/WhatsApp-Image-2024-12-02-at-11.17.17-892x1024.jpg]
[dunetrektours.com/wp-content/uploads/2024/12/WhatsApp-Image-2024-11-30-at-00.39.21-1024x960.jpg]
[dunetrektours.com/wp-content/uploads/2024/12/WhatsApp-Image-2024-12-02-at-11.17.16-768x1024.jpg]
[dunetrektours.com/wp-content/uploads/2024/12/WhatsApp-Image-2024-12-02-at-11.17.15-1-768x1024.jpg]
[dunetrektours.com/wp-content/uploads/2024/12/WhatsApp-Image-2024-12-02-at-11.17.15-768x1024.jpg]
[dunetrektours.com/wp-content/uploads/2024/12/WhatsApp-Image-2024-11-30-at-00.39.48-856x1024.jpg]
[dunetrektours.com/wp-content/uploads/2024/12/WhatsApp-Image-2024-11-30-at-00.29.40-768x1024.jpg]
[dunetrektours.com/wp-content/uploads/2024/12/WhatsApp-Image-2024-11-30-at-00.40.03-1003x1024.jpg]
[dunetrektours.com/one-day-trip/cooking-class-in-the-atlas-mountains/844-1755-44411]
[dunetrektours.com/one-day-trip/cooking-class-in-the-atlas-mountains/index.html]
[dunetrektours.com/wp-json/oembed/1.0/embed1f87.json]
[dunetrektours.com/wp-json/oembed/1.0/embed0d09]
[dunetrektours.com/wp-content/plugins/omnisend/styles/site-styles1eb4.css]
[dunetrektours.com/wp-content/uploads/elementor/css/post-11692fe1b.css]
[dunetrektours.com/wp-json/wp/v2/pages/11692.json]
[dunetrektours.com/wp-content/uploads/2024/12/WhatsApp-Image-2024-12-04-at-12.15.55-840x1024.jpg]
[dunetrektours.com/wp-content/uploads/2024/12/WhatsApp-Image-2024-12-04-at-12.16.31-983x1024.jpg]
[dunetrektours.com/wp-content/uploads/2024/12/WhatsApp-Image-2024-12-04-at-11.54.39-1024x645.jpg]
[dunetrektours.com/wp-content/uploads/2024/12/WhatsApp-Image-2024-12-04-at-11.53.36-838x1024.jpg]
[dunetrektours.com/wp-content/uploads/2024/12/WhatsApp-Image-2024-12-04-at-11.54.17-1024x757.jpg]
[dunetrektours.com/wp-content/uploads/2024/12/WhatsApp-Image-2024-12-04-at-11.54.58-841x1024.jpg]
[dunetrektours.com/wp-content/uploads/2024/12/WhatsApp-Image-2024-12-04-at-11.53.58-1024x785.jpg]
[dunetrektours.com/wp-content/uploads/2024/12/WhatsApp-Image-2024-12-04-at-12.15.26-911x1024.jpg]
[dunetrektours.com/wp-content/uploads/2024/12/WhatsApp-Image-2024-12-04-at-12.15.40-998x1024.jpg]
[dunetrektours.com/one-day-trip/agafay-desert/844-1755-44411]
[dunetrektours.com/one-day-trip/agafay-desert/index.html]
[dunetrektours.com/wp-json/oembed/1.0/embed1db8.json]
[dunetrektours.com/wp-json/oembed/1.0/embeda184]
[dunetrektours.com/wp-content/plugins/omnisend/styles/site-stylesf79c.css]
[dunetrektours.com/wp-content/uploads/elementor/css/post-12573ff47.css]
[dunetrektours.com/wp-json/wp/v2/pages/12573.json]
[dunetrektours.com/wp-content/uploads/2024/12/WhatsApp-Image-2024-12-05-at-22.24.55-1024x783.jpg]
[dunetrektours.com/wp-content/uploads/2024/12/WhatsApp-Image-2024-12-05-at-22.05.12-608x1024.jpg]
[dunetrektours.com/wp-content/uploads/2024/12/WhatsApp-Image-2024-12-05-at-22.24.23-747x1024.jpg]
[dunetrektours.com/wp-content/uploads/2024/12/WhatsApp-Image-2024-12-05-at-22.04.25-564x1024.jpg]
[dunetrektours.com/wp-content/uploads/2024/12/WhatsApp-Image-2024-12-05-at-22.06.55-1024x895.jpg]
[dunetrektours.com/wp-content/uploads/2024/12/WhatsApp-Image-2024-11-30-at-00.04.13-768x1024.jpg]
[dunetrektours.com/wp-content/uploads/2024/12/WhatsApp-Image-2024-12-05-at-22.05.10-601x1024.jpg]
[dunetrektours.com/wp-content/uploads/2024/12/WhatsApp-Image-2024-12-05-at-22.23.33-853x1024.jpg]
[dunetrektours.com/multi-day-trip/3-day-trip-merzouga/844-1755-44411]
[dunetrektours.com/multi-day-trip/3-day-trip-merzouga/index.html]
[dunetrektours.com/wp-json/oembed/1.0/embedec7e.json]
[dunetrektours.com/wp-json/oembed/1.0/embedd191]
[dunetrektours.com/wp-content/plugins/omnisend/styles/site-styles5c5d.css]
[dunetrektours.com/wp-content/uploads/elementor/css/post-1165056ef.css]
[dunetrektours.com/wp-json/wp/v2/pages/11650.json]
[dunetrektours.com/wp-content/uploads/2024/12/WhatsApp-Image-2024-12-05-at-23.34.38-1024x1022.jpg]
[dunetrektours.com/wp-content/uploads/2024/12/WhatsApp-Image-2024-12-05-at-23.35.11-1024x896.jpg]
[dunetrektours.com/wp-content/uploads/2024/12/WhatsApp-Image-2024-12-05-at-23.34.47-874x1024.jpg]
[dunetrektours.com/wp-content/uploads/2024/12/WhatsApp-Image-2024-12-05-at-23.35.23-1024x998.jpg]
[dunetrektours.com/wp-content/uploads/2024/12/WhatsApp-Image-2024-12-05-at-23.35.34-861x1024.jpg]
[dunetrektours.com/wp-content/uploads/2024/12/WhatsApp-Image-2024-12-05-at-23.36.05-1024x993.jpg]
[dunetrektours.com/wp-content/uploads/2024/12/WhatsApp-Image-2024-12-05-at-23.35.00-1024x819.jpg]
[dunetrektours.com/multi-day-trip/2-day-zagora-desert-adventure/844-1755-44411]
[dunetrektours.com/multi-day-trip/2-day-zagora-desert-adventure/index.html]
[dunetrektours.com/destination-2.html]
[dunetrektours.com/wp-json/oembed/1.0/embedf58f.json]
[dunetrektours.com/wp-json/oembed/1.0/embedb62a]
[dunetrektours.com/wp-includes/css/dist/block-library/style.minb34e.css]
[dunetrektours.com/wp-content/plugins/omnisend/styles/site-stylesd573.css]
[dunetrektours.com/wp-json/wp/v2/pages/24.json]
[dunetrektours.com/my-account/844-1755-44411]
[dunetrektours.com/my-account/indexc2b6.html]
[dunetrektours.com/844-1755-44411.html]
[dunetrektours.com/cdn-cgi/l/email-protection.html]
[dunetrektours.com/wp-content/plugins/elementor/assets/css/widget-icon-list.min787f.css]
[dunetrektours.com/wp-content/plugins/elementor/assets/css/widget-social-icons.min787f.css]
[dunetrektours.com/wp-content/plugins/elementor/assets/css/conditionals/apple-webkit.min787f.css]
[dunetrektours.com/wp-content/plugins/elementor/assets/lib/animations/styles/slideInLeft.min787f.css]
[dunetrektours.com/wp-content/plugins/elementor/assets/lib/animations/styles/fadeInRight.min787f.css]
[dunetrektours.com/my-account/index.html]
[dunetrektours.com/wp-content/plugins/elementskit-lite/modules/elementskit-icon-pack/assets/css/ekiticons7e2e.css]
[dunetrektours.com/wp-content/plugins/elementskit/modules/pro-form-reset-button/assets/css/elementskit-reset-buttonf4e1.css]
[dunetrektours.com/wp-content/plugins/elementskit/modules/particles/assets/css/particlesf4e1.css]
[dunetrektours.com/wp-content/themes/triply/assets/fonts/slick.svg]
[dunetrektours.com/wp-content/themes/triply/assets/fonts/icons/triply-icon-2.3.9.svg]
[dunetrektours.com/wp-content/plugins/elementor/assets/lib/font-awesome/webfonts/fa-brands-400.svg]
[dunetrektours.com/wp-content/plugins/elementor/assets/lib/font-awesome/webfonts/fa-regular-400.svg]
[dunetrektours.com/wp-content/plugins/elementor/assets/lib/font-awesome/webfonts/fa-solid-900.svg]
[dunetrektours.com/wp-content/plugins/elementskit-lite/widgets/init/assets/img/cross-out.svg]
[dunetrektours.com/wp-content/plugins/omnisend/styles/site-styles088a.css]
[dunetrektours.com/wp-content/plugins/elementskit-lite/modules/elementskit-icon-pack/assets/fonts/elementskitf60a.woff]
[dunetrektours.com/wp-content/uploads/2024/08/sergey-pesterev-dnLmApcmNHg-unsplash-2048x1367.jpg]
[dunetrektours.com/wp-content/uploads/elementor/css/post-31391a5c.css]
[dunetrektours.com/index40ea.html]
[dunetrektours.com/destinations-2/844-1755-44411.html]
[dunetrektours.com/wp-content/plugins/omnisend/styles/site-stylesbce0.css]
[dunetrektours.com/wp-content/uploads/2024/08/sergey-pesterev-dnLmApcmNHg-unsplash-scaled.jpg]
[dunetrektours.com/wp-content/uploads/elementor/css/post-11315e72c.css]
[dunetrektours.com/index2eda.html]
[dunetrektours.com/wp-json/oembed/1.0/embed03ef.json]
[dunetrektours.com/wp-json/oembed/1.0/embedcff8]
[dunetrektours.com/wp-content/plugins/omnisend/styles/site-styles40d4.css]
[dunetrektours.com/wp-content/uploads/elementor/css/post-114768fc8.css]
[dunetrektours.com/wp-json/wp/v2/pages/11476.json]
[dunetrektours.com/wp-content/uploads/2024/12/WhatsApp-Image-2024-11-30-at-12.57.59-630x1024.jpg]
[dunetrektours.com/wp-content/uploads/2024/12/WhatsApp-Image-2024-11-30-at-12.58.00-768x1024.jpg]
[dunetrektours.com/wp-content/uploads/2024/12/WhatsApp-Image-2024-11-30-at-12.58.01.jpg]
[dunetrektours.com/wp-content/uploads/2024/12/WhatsApp-Image-2024-11-30-at-12.58.00-2.jpg]
[dunetrektours.com/wp-content/uploads/2024/12/WhatsApp-Image-2024-11-30-at-12.57.58-1-1024x576.jpg]
[dunetrektours.com/wp-content/uploads/2024/12/WhatsApp-Image-2024-11-30-at-01.36.35-1016x1024.jpg]
[dunetrektours.com/wp-content/uploads/2024/12/WhatsApp-Image-2024-11-30-at-12.58.00-1-1024x768.jpg]
[dunetrektours.com/wp-content/uploads/2024/12/WhatsApp-Image-2024-11-30-at-12.57.58-1024x768.jpg]
[dunetrektours.com/wp-content/uploads/2024/12/WhatsApp-Image-2024-11-30-at-12.58.01-1-819x1024.jpg]
[dunetrektours.com/trek/4-day-toubkal-trek/844-1755-44411]
[dunetrektours.com/trek/4-day-toubkal-trek/index.html]
[dunetrektours.com/wp-json/oembed/1.0/embed3f7d.json]
[dunetrektours.com/wp-json/oembed/1.0/embed6fc0]
[dunetrektours.com/wp-content/plugins/omnisend/styles/site-styles18d3.css]
[dunetrektours.com/wp-content/uploads/elementor/css/post-115818688.css]
[dunetrektours.com/wp-json/wp/v2/pages/11581.json]
[dunetrektours.com/wp-content/uploads/2024/12/WhatsApp-Image-2024-11-30-at-00.04.18-576x1024.jpg]
[dunetrektours.com/wp-content/uploads/2024/12/WhatsApp-Image-2024-11-30-at-00.04.16.jpg]
[dunetrektours.com/wp-content/uploads/2024/12/WhatsApp-Image-2024-11-30-at-00.04.24-2.jpg]
[dunetrektours.com/wp-content/uploads/2024/12/WhatsApp-Image-2024-11-30-at-00.04.25-1.jpg]
[dunetrektours.com/wp-content/uploads/2024/12/WhatsApp-Image-2024-11-30-at-00.04.23.jpg]
[dunetrektours.com/wp-content/uploads/2024/12/WhatsApp-Image-2024-11-30-at-00.04.24-3.jpg]
[dunetrektours.com/wp-content/uploads/2024/12/WhatsApp-Image-2024-11-30-at-00.04.25-3.jpg]
[dunetrektours.com/wp-content/uploads/2024/12/WhatsApp-Image-2024-11-30-at-00.04.24-4.jpg]
[dunetrektours.com/wp-content/uploads/2024/12/WhatsApp-Image-2024-11-30-at-00.04.19-576x1024.jpg]
[dunetrektours.com/wp-content/uploads/2024/12/WhatsApp-Image-2024-11-30-at-12.58.00-3-723x1024.jpg]
[dunetrektours.com/trek/jebel-saghro-trek/index-2.html]
[dunetrektours.com/trek/Jebel-Saghro-Trek/844-1755-44411]
[dunetrektours.com/trek/Jebel-Saghro-Trek/index.html]
[dunetrektours.com/wp-json/oembed/1.0/embeda312.json]
[dunetrektours.com/wp-json/oembed/1.0/embed348b]
[dunetrektours.com/wp-content/plugins/omnisend/styles/site-styles5b53.css]
[dunetrektours.com/wp-content/uploads/elementor/css/post-11586e911.css]
[dunetrektours.com/wp-json/wp/v2/pages/11586.json]
[dunetrektours.com/wp-content/uploads/2024/12/WhatsApp-Image-2024-12-04-at-22.38.42-831x1024.jpg]
[dunetrektours.com/wp-content/uploads/2024/12/WhatsApp-Image-2024-12-04-at-22.39.01-1024x1018.jpg]
[dunetrektours.com/trek/rose-valley-trek/index-2.html]
[dunetrektours.com/wp-content/uploads/2024/12/WhatsApp-Image-2024-12-04-at-22.37.55-1024x1013.jpg]
[dunetrektours.com/wp-content/uploads/2024/12/WhatsApp-Image-2024-12-04-at-22.37.15-1024x996.jpg]
[dunetrektours.com/wp-content/uploads/2024/12/WhatsApp-Image-2024-12-04-at-22.37.06-842x1024.jpg]
[dunetrektours.com/wp-content/uploads/2024/12/WhatsApp-Image-2024-12-04-at-22.37.35-837x1024.jpg]
[dunetrektours.com/wp-content/uploads/2024/12/WhatsApp-Image-2024-12-04-at-22.37.25-1024x747.jpg]
[dunetrektours.com/wp-content/uploads/2024/12/WhatsApp-Image-2024-12-04-at-22.37.44-1024x1013.jpg]
[dunetrektours.com/wp-content/uploads/2024/12/WhatsApp-Image-2024-12-04-at-22.38.28-1024x756.jpg]
[dunetrektours.com/trek/Rose-Valley-trek/844-1755-44411]
[dunetrektours.com/trek/Rose-Valley-trek/index.html]
[dunetrektours.com/wp-json/oembed/1.0/embedbe62.json]
[dunetrektours.com/wp-json/oembed/1.0/embed4618]
[dunetrektours.com/wp-content/plugins/omnisend/styles/site-stylesa79c.css]
[dunetrektours.com/wp-content/uploads/elementor/css/post-11592f549.css]
[dunetrektours.com/wp-json/wp/v2/pages/11592.json]
[dunetrektours.com/wp-content/uploads/2024/12/WhatsApp-Image-2024-12-04-at-22.43.32-857x1024.jpg]
[dunetrektours.com/wp-content/uploads/2024/12/WhatsApp-Image-2024-12-04-at-22.43.48-857x1024.jpg]
[dunetrektours.com/wp-content/uploads/2024/12/WhatsApp-Image-2024-12-04-at-22.39.50-922x1024.jpg]
[dunetrektours.com/wp-content/uploads/2024/12/WhatsApp-Image-2024-12-04-at-22.39.50-2-1024x806.jpg]
[dunetrektours.com/wp-content/uploads/2024/12/WhatsApp-Image-2024-12-04-at-22.43.20-826x1024.jpg]
[dunetrektours.com/wp-content/uploads/2024/12/WhatsApp-Image-2024-12-04-at-22.39.50-4-1024x726.jpg]
[dunetrektours.com/wp-content/uploads/2024/12/WhatsApp-Image-2024-12-04-at-22.44.11-846x1024.jpg]
[dunetrektours.com/wp-content/uploads/2024/12/WhatsApp-Image-2024-12-04-at-22.45.28-1024x753.jpg]
[dunetrektours.com/wp-content/uploads/2024/12/WhatsApp-Image-2024-12-04-at-22.45.38-1024x737.jpg]
[dunetrektours.com/trek/mount-mgoun-trek/index-2.html]
[dunetrektours.com/trek/Mount-mgoun-trek/844-1755-44411]
[dunetrektours.com/trek/Mount-mgoun-trek/index.html]
[dunetrektours.com/trek/844-1755-44411.html]
[dunetrektours.com/wp-content/plugins/omnisend/styles/site-stylese741.css]
[dunetrektours.com/wp-content/uploads/elementor/css/post-11313a5e8.css]
[dunetrektours.com/index1343.html]
[dunetrektours.com/wp-json/oembed/1.0/embed4ccf.json]
[dunetrektours.com/wp-json/oembed/1.0/embed54f0]
[dunetrektours.com/wp-content/plugins/omnisend/styles/site-styles6bbf.css]
[dunetrektours.com/wp-content/uploads/elementor/css/post-116692e51.css]
[dunetrektours.com/wp-json/wp/v2/pages/11669.json]
[dunetrektours.com/wp-content/uploads/2024/12/WhatsApp-Image-2024-12-04-at-23.05.41-998x1024.jpg]
[dunetrektours.com/wp-content/uploads/2024/08/hazy-momo-YSTtLgsvRa8-unsplash-683x1024.jpg]
[dunetrektours.com/wp-content/uploads/2024/12/WhatsApp-Image-2024-12-04-at-23.06.43-827x1024.jpg]
[dunetrektours.com/wp-content/uploads/2024/12/WhatsApp-Image-2024-12-04-at-23.05.51-1024x1005.jpg]
[dunetrektours.com/wp-content/uploads/2024/12/WhatsApp-Image-2024-11-30-at-01.51.03-941x1024.jpg]
[dunetrektours.com/wp-content/uploads/2024/12/WhatsApp-Image-2024-12-04-at-23.05.28-1004x1024.jpg]
[dunetrektours.com/wp-content/uploads/2024/12/WhatsApp-Image-2024-12-04-at-23.08.10-833x1024.jpg]
[dunetrektours.com/wp-content/uploads/2024/12/WhatsApp-Image-2024-12-04-at-23.07.36-1024x739.jpg]
[dunetrektours.com/one-day-trip/from-marrakech-to-imlil/844-1755-44411]
[dunetrektours.com/one-day-trip/from-marrakech-to-imlil/index.html]
[dunetrektours.com/wp-json/oembed/1.0/embed4d65.json]
[dunetrektours.com/wp-json/oembed/1.0/embed1535]
[dunetrektours.com/wp-content/plugins/omnisend/styles/site-styles20d7.css]
[dunetrektours.com/wp-content/uploads/elementor/css/post-116721312.css]
[dunetrektours.com/wp-json/wp/v2/pages/11672.json]
[dunetrektours.com/wp-content/uploads/2024/12/WhatsApp-Image-2024-11-30-at-01.49.27-850x1024.jpg]
[dunetrektours.com/wp-content/uploads/2024/12/WhatsApp-Image-2024-11-30-at-01.50.33-835x1024.jpg]
[dunetrektours.com/wp-content/uploads/2024/12/WhatsApp-Image-2024-11-30-at-01.49.57-835x1024.jpg]
[dunetrektours.com/wp-content/uploads/2024/12/WhatsApp-Image-2024-11-30-at-01.51.19-1005x1024.jpg]
[dunetrektours.com/wp-content/uploads/2024/12/WhatsApp-Image-2024-11-30-at-01.49.35-1024x862.jpg]
[dunetrektours.com/wp-content/uploads/2024/12/WhatsApp-Image-2024-11-30-at-01.53.27-961x1024.jpg]
[dunetrektours.com/wp-content/uploads/2024/12/WhatsApp-Image-2024-11-30-at-01.53.14-901x1024.jpg]
[dunetrektours.com/wp-content/uploads/2024/12/WhatsApp-Image-2024-11-30-at-01.50.20-910x1024.jpg]
[dunetrektours.com/one-day-trip/private-trip-to-ourika-valley/844-1755-44411]
[dunetrektours.com/one-day-trip/private-trip-to-ourika-valley/index.html]
[dunetrektours.com/wp-json/oembed/1.0/embed9adb.json]
[dunetrektours.com/wp-json/oembed/1.0/embedeb8b]
[dunetrektours.com/wp-content/plugins/omnisend/styles/site-styles368f.css]
[dunetrektours.com/wp-content/uploads/elementor/css/post-11675a04a.css]
[dunetrektours.com/wp-json/wp/v2/pages/11675.json]
[dunetrektours.com/wp-content/uploads/2024/12/WhatsApp-Image-2024-12-04-at-23.12.15-2-987x1024.jpg]
[dunetrektours.com/wp-content/uploads/2024/12/WhatsApp-Image-2024-12-04-at-23.12.15-1-1024x980.jpg]
[dunetrektours.com/wp-content/uploads/2024/12/WhatsApp-Image-2024-12-04-at-23.21.37-827x1024.jpg]
[dunetrektours.com/wp-content/uploads/2024/12/WhatsApp-Image-2024-12-04-at-23.38.34-837x1024.jpg]
[dunetrektours.com/wp-content/uploads/2024/12/WhatsApp-Image-2024-12-04-at-23.38.21-1024x1015.jpg]
[dunetrektours.com/wp-content/uploads/2024/12/WhatsApp-Image-2024-12-04-at-23.38.00-848x1024.jpg]
[dunetrektours.com/wp-content/uploads/2024/12/WhatsApp-Image-2024-12-04-at-23.38.10-1024x1017.jpg]
[dunetrektours.com/wp-content/uploads/2024/12/WhatsApp-Image-2024-12-04-at-23.37.50-948x1024.jpg]
[dunetrektours.com/one-day-trip/from-marrakech-to-ait-ben-haddou/844-1755-44411]
[dunetrektours.com/one-day-trip/from-marrakech-to-ait-ben-haddou/index.html]
[dunetrektours.com/wp-json/oembed/1.0/embedbf29.json]
[dunetrektours.com/wp-json/oembed/1.0/embedb468]
[dunetrektours.com/wp-content/plugins/omnisend/styles/site-styles85ee.css]
[dunetrektours.com/wp-content/uploads/elementor/css/post-1168443cc.css]
[dunetrektours.com/wp-json/wp/v2/pages/11684.json]
[dunetrektours.com/wp-content/uploads/2024/12/WhatsApp-Image-2024-11-24-at-16.51.36-2-768x1024.jpg]
[dunetrektours.com/wp-content/uploads/2024/12/WhatsApp-Image-2024-11-24-at-16.51.36-1-768x1024.jpg]
[dunetrektours.com/wp-content/uploads/2024/12/WhatsApp-Image-2024-11-24-at-16.51.36-768x1024.jpg]
[dunetrektours.com/wp-content/uploads/2024/12/WhatsApp-Image-2024-12-04-at-23.47.39-845x1024.jpg]
[dunetrektours.com/wp-content/uploads/2024/12/WhatsApp-Image-2024-11-24-at-16.51.37-768x1024.jpg]
[dunetrektours.com/wp-content/uploads/2024/12/WhatsApp-Image-2024-11-24-at-16.51.37-1-768x1024.jpg]
[dunetrektours.com/wp-content/uploads/2024/12/WhatsApp-Image-2024-11-24-at-16.51.38-768x1024.jpg]
[dunetrektours.com/wp-content/uploads/2024/12/WhatsApp-Image-2024-12-04-at-23.47.47-860x1024.jpg]
[dunetrektours.com/wp-content/uploads/2024/12/WhatsApp-Image-2024-12-04-at-23.47.58-1024x986.jpg]
[dunetrektours.com/one-day-trip/hot-air-balloon-adventure-in-marrakech/844-1755-44411]
[dunetrektours.com/one-day-trip/hot-air-balloon-adventure-in-marrakech/index.html]
[dunetrektours.com/wp-json/oembed/1.0/embed97a8.json]
[dunetrektours.com/wp-json/oembed/1.0/embed5e49]
[dunetrektours.com/wp-content/plugins/omnisend/styles/site-stylesd5ac.css]
[dunetrektours.com/wp-content/uploads/elementor/css/post-116893452.css]
[dunetrektours.com/wp-json/wp/v2/pages/11689.json]
[dunetrektours.com/wp-content/uploads/2024/12/WhatsApp-Image-2024-12-05-at-00.08.11-839x1024.jpg]
[dunetrektours.com/wp-content/uploads/2024/12/WhatsApp-Image-2024-12-05-at-00.06.27-849x1024.jpg]
[dunetrektours.com/wp-content/uploads/2024/12/WhatsApp-Image-2024-12-05-at-00.07.02-1024x980.jpg]
[dunetrektours.com/wp-content/uploads/2024/12/WhatsApp-Image-2024-12-05-at-00.05.32-848x1024.jpg]
[dunetrektours.com/wp-content/uploads/2024/12/WhatsApp-Image-2024-12-05-at-00.06.03-849x1024.jpg]
[dunetrektours.com/wp-content/uploads/2024/12/WhatsApp-Image-2024-12-05-at-00.06.42-836x1024.jpg]
[dunetrektours.com/wp-content/uploads/2024/12/WhatsApp-Image-2024-12-05-at-00.09.18-936x1024.jpg]
[dunetrektours.com/wp-content/uploads/2024/12/WhatsApp-Image-2024-12-05-at-00.06.15-839x1024.jpg]
[dunetrektours.com/wp-content/uploads/2024/12/WhatsApp-Image-2024-12-05-at-00.05.41-842x1024.jpg]
[dunetrektours.com/one-day-trip/to-ouzoud-waterfalls/844-1755-44411]
[dunetrektours.com/one-day-trip/to-ouzoud-waterfalls/index.html]
[dunetrektours.com/one-day-trip/844-1755-44411.html]
[dunetrektours.com/wp-content/plugins/omnisend/styles/site-styles674d.css]
[dunetrektours.com/wp-content/uploads/elementor/css/post-11314c5be.css]
[dunetrektours.com/indexe7e2.html]
[dunetrektours.com/wp-json/oembed/1.0/embed738f.json]
[dunetrektours.com/wp-json/oembed/1.0/embed1277]
[dunetrektours.com/wp-content/plugins/omnisend/styles/site-stylesdd60.css]
[dunetrektours.com/wp-content/uploads/elementor/css/post-116472863.css]
[dunetrektours.com/wp-json/wp/v2/pages/11647.json]
[dunetrektours.com/wp-content/uploads/2024/08/sabrina-b-angell-F6W_k-3w6c8-unsplash-1024x1024.jpg]
[dunetrektours.com/wp-content/uploads/2024/08/robert-brands-lOJQkgd4IHQ-unsplash-1024x683.jpg]
[dunetrektours.com/wp-content/uploads/2024/08/philipp-klausner-TYHyrF56Gys-unsplash-1024x683.jpg]
[dunetrektours.com/wp-content/uploads/2024/08/tatiana-zanon-VP2mjtJqWvY-unsplash-scaled-e1723814705830-1024x737.jpg]
[dunetrektours.com/wp-content/uploads/2024/12/WhatsApp-Image-2024-12-04-at-23.06.07-762x1024.jpg]
[dunetrektours.com/wp-content/uploads/2024/08/carlos-ibanez-644X6zmy1Hk-unsplash-681x1024.jpg]
[dunetrektours.com/wp-content/uploads/2024/08/vince-gx-ZFXbZQaOzeI-unsplash-1024x575.jpg]
[dunetrektours.com/multi-day-trip/9-day-morocco-adventure/844-1755-44411]
[dunetrektours.com/multi-day-trip/9-day-morocco-adventure/index.html]
[dunetrektours.com/wp-json/oembed/1.0/embedc92d.json]
[dunetrektours.com/wp-json/oembed/1.0/embedf777]
[dunetrektours.com/wp-content/plugins/omnisend/styles/site-stylesdfc1.css]
[dunetrektours.com/wp-content/uploads/elementor/css/post-126895642.css]
[dunetrektours.com/wp-json/wp/v2/pages/12689.json]
[dunetrektours.com/wp-content/uploads/2024/12/WhatsApp-Image-2024-12-06-at-22.40.25-1024x698.jpg]
[dunetrektours.com/wp-content/uploads/2024/12/WhatsApp-Image-2024-12-06-at-22.38.56-760x1024.jpg]
[dunetrektours.com/wp-content/uploads/2024/12/WhatsApp-Image-2024-12-06-at-22.40.12-693x1024.jpg]
[dunetrektours.com/wp-content/uploads/2024/12/WhatsApp-Image-2024-12-05-at-22.08.14-591x1024.jpg]
[dunetrektours.com/multi-day-trip/a-3-day-tour-from-fes-to-merzouga/844-1755-44411]
[dunetrektours.com/multi-day-trip/a-3-day-tour-from-fes-to-merzouga/index.html]
[dunetrektours.com/a-3-day-tour-from-fes-to-merzouga/index.html]
[dunetrektours.com/multi-day-trip/844-1755-44411.html]
[dunetrektours.com/wp-content/uploads/2020/11/about_deco-1.png]
[dunetrektours.com/wp-content/uploads/2020/11/about_image-1.1.png]
[dunetrektours.com/wp-content/uploads/2020/11/about_deco-2.png]
[dunetrektours.com/wp-content/uploads/elementor/css/post-61450df.css]
[dunetrektours.com/index08c1.html]
[dunetrektours.com/about-us/844-1755-44411.html]
[dunetrektours.com/wp-content/plugins/omnisend/styles/site-styles3952.css]
[dunetrektours.com/wp-content/plugins/elementor/assets/css/widget-google_maps.min787f.css]
[dunetrektours.com/wp-content/uploads/2020/11/contact-img-1.png]
[dunetrektours.com/wp-content/uploads/elementor/css/post-89055ac.css]
[dunetrektours.com/indexbd60.html]
[dunetrektours.com/contact/_212610948190.html]
[dunetrektours.com/contact/844-1755-44411.html]
[dunetrektours.com/wp-content/plugins/omnisend/styles/site-styles4039.css]
[dunetrektours.com/wp-content/plugins/elementor/assets/css/conditionals/shapes.min787f.css]
[dunetrektours.com/wp-content/plugins/elementor/assets/lib/swiper/v8/css/swiper.min94a4.css]
[dunetrektours.com/wp-content/plugins/elementor/assets/css/conditionals/e-swiper.min787f.css]
[dunetrektours.com/wp-content/uploads/elementor/css/post-125950b89.css]
[dunetrektours.com/wp-content/uploads/elementor/google-fonts/fonts/archivo-k3kbo8udi-1m0wlsfdzyiekpwtm29hr-8mtycx-mulrm.woff2]
[dunetrektours.com/wp-content/uploads/elementor/google-fonts/fonts/archivo-k3kbo8udi-1m0wlsfdzyiekpwtm29hr-8mtycx6mulrm.woff2]
[dunetrektours.com/wp-content/uploads/elementor/google-fonts/fonts/archivo-k3kbo8udi-1m0wlsfdzyiekpwtm29hr-8mtycxcmua.woff2]
[dunetrektours.com/wp-content/uploads/elementor/google-fonts/fonts/archivo-k3kpo8udi-1m0wlsv9xaw6lqkqwy8q82slysoxk-va.woff2]
[dunetrektours.com/wp-content/uploads/elementor/google-fonts/fonts/archivo-k3kpo8udi-1m0wlsv9xaw6lqkqwy8q82slytoxk-va.woff2]
[dunetrektours.com/wp-content/uploads/elementor/google-fonts/fonts/archivo-k3kpo8udi-1m0wlsv9xaw6lqkqwy8q82slydoxi.woff2]
[dunetrektours.com/wp-content/uploads/elementor/google-fonts/css/archivo72db.css]
[dunetrektours.com/wp-content/uploads/elementor/google-fonts/fonts/playfairdisplay-nufkd-vyszvivyub_rj3ij__anpxdtnohkk72xu.woff2]
[dunetrektours.com/wp-content/uploads/elementor/google-fonts/fonts/playfairdisplay-nufkd-vyszvivyub_rj3ij__anpxdtnojuk72xu.woff2]
[dunetrektours.com/wp-content/uploads/elementor/google-fonts/fonts/playfairdisplay-nufkd-vyszvivyub_rj3ij__anpxdtnojek72xu.woff2]
[dunetrektours.com/wp-content/uploads/elementor/google-fonts/fonts/playfairdisplay-nufkd-vyszvivyub_rj3ij__anpxdtnogkk7.woff2]
[dunetrektours.com/wp-content/uploads/elementor/google-fonts/fonts/playfairdisplay-nufid-vyszvivyub_rj3ij__anpxdtjygfe_.woff2]
[dunetrektours.com/wp-content/uploads/elementor/google-fonts/fonts/playfairdisplay-nufid-vyszvivyub_rj3ij__anpxdtpygfe_.woff2]
[dunetrektours.com/wp-content/uploads/elementor/google-fonts/fonts/playfairdisplay-nufid-vyszvivyub_rj3ij__anpxdtlygfe_.woff2]
[dunetrektours.com/wp-content/uploads/elementor/google-fonts/fonts/playfairdisplay-nufid-vyszvivyub_rj3ij__anpxdtzyga.woff2]
[dunetrektours.com/wp-content/uploads/elementor/google-fonts/css/playfairdisplayea23.css]
[dunetrektours.com/indexc729.html]
[dunetrektours.com/one-day-trip/one-day-private-guided-tour-of-marrakech/844-1755-44411.html]
[dunetrektours.com/wp-content/plugins/omnisend/styles/site-styles0702.css]
[dunetrektours.com/wp-content/uploads/elementor/css/post-11686c2b8.css]
[dunetrektours.com/indexb0b8.html]
[dunetrektours.com/one-day-trip/to-essaouira-from-marrakech/844-1755-44411.html]
[dunetrektours.com/wp-content/plugins/omnisend/styles/site-stylesddb4.css]
[dunetrektours.com/wp-content/uploads/elementor/css/post-1169547e9.css]
[dunetrektours.com/index8624.html]
[dunetrektours.com/one-day-trip/cooking-class-in-the-atlas-mountains/844-1755-44411.html]
[dunetrektours.com/wp-content/plugins/omnisend/styles/site-styles1eb4.css]
[dunetrektours.com/wp-content/uploads/elementor/css/post-11692fe1b.css]
[dunetrektours.com/indexf391.html]
[dunetrektours.com/one-day-trip/agafay-desert/844-1755-44411.html]
[dunetrektours.com/wp-content/plugins/omnisend/styles/site-stylesf79c.css]
[dunetrektours.com/wp-content/uploads/elementor/css/post-12573ff47.css]
[dunetrektours.com/indexde0f.html]
[dunetrektours.com/multi-day-trip/3-day-trip-merzouga/844-1755-44411.html]
[dunetrektours.com/wp-content/plugins/omnisend/styles/site-styles5c5d.css]
[dunetrektours.com/wp-content/uploads/elementor/css/post-1165056ef.css]
[dunetrektours.com/index1993.html]
[dunetrektours.com/multi-day-trip/2-day-zagora-desert-adventure/844-1755-44411.html]
[dunetrektours.com/xmlrpc.html]
[dunetrektours.com/wp-includes/css/dist/block-library/style.minb34e.css]
[dunetrektours.com/wp-content/plugins/omnisend/styles/site-stylesd573.css]
[dunetrektours.com/my-account/index.html]
[dunetrektours.com/index2cf9.html]
[dunetrektours.com/my-account/844-1755-44411.html]
[dunetrektours.com/wp-content/plugins/omnisend/styles/site-styles40d4.css]
[dunetrektours.com/wp-content/uploads/elementor/css/post-114768fc8.css]
[dunetrektours.com/index7534.html]
[dunetrektours.com/trek/4-day-toubkal-trek/844-1755-44411.html]
[dunetrektours.com/wp-content/plugins/omnisend/styles/site-styles18d3.css]
[dunetrektours.com/wp-content/uploads/elementor/css/post-115818688.css]
[dunetrektours.com/wp-content/plugins/omnisend/styles/site-stylesada3.css]
[dunetrektours.com/wp-content/plugins/omnisend/styles/site-stylesa521.css]
[dunetrektours.com/trek/jebel-saghro-trek/844-1755-44411]
[dunetrektours.com/trek/jebel-saghro-trek/index-2.html]
[dunetrektours.com/index0fb9.html]
[dunetrektours.com/trek/Jebel-Saghro-Trek/844-1755-44411.html]
[dunetrektours.com/wp-content/plugins/omnisend/styles/site-styles5b53.css]
[dunetrektours.com/wp-content/uploads/elementor/css/post-11586e911.css]
[dunetrektours.com/wp-content/plugins/omnisend/styles/site-styles989d.css]
[dunetrektours.com/trek/rose-valley-trek/844-1755-44411]
[dunetrektours.com/trek/rose-valley-trek/index-2.html]
[dunetrektours.com/index850a.html]
[dunetrektours.com/trek/Rose-Valley-trek/844-1755-44411.html]
[dunetrektours.com/wp-content/plugins/omnisend/styles/site-stylesa79c.css]
[dunetrektours.com/wp-content/uploads/elementor/css/post-11592f549.css]
[dunetrektours.com/wp-content/plugins/omnisend/styles/site-stylesad0a.css]
[dunetrektours.com/trek/mount-mgoun-trek/844-1755-44411]
[dunetrektours.com/trek/mount-mgoun-trek/index-2.html]
[dunetrektours.com/index9697.html]
[dunetrektours.com/trek/Mount-mgoun-trek/844-1755-44411.html]
[dunetrektours.com/wp-content/plugins/omnisend/styles/site-styles6bbf.css]
[dunetrektours.com/wp-content/uploads/elementor/css/post-116692e51.css]
[dunetrektours.com/index6440.html]
[dunetrektours.com/one-day-trip/from-marrakech-to-imlil/844-1755-44411.html]
[dunetrektours.com/wp-content/plugins/omnisend/styles/site-styles20d7.css]
[dunetrektours.com/wp-content/uploads/elementor/css/post-116721312.css]
[dunetrektours.com/index0b78.html]
[dunetrektours.com/one-day-trip/private-trip-to-ourika-valley/844-1755-44411.html]
[dunetrektours.com/wp-content/plugins/omnisend/styles/site-styles368f.css]
[dunetrektours.com/wp-content/uploads/elementor/css/post-11675a04a.css]
[dunetrektours.com/index1c5d.html]
[dunetrektours.com/one-day-trip/from-marrakech-to-ait-ben-haddou/844-1755-44411.html]
[dunetrektours.com/wp-content/plugins/omnisend/styles/site-styles85ee.css]
[dunetrektours.com/wp-content/uploads/elementor/css/post-1168443cc.css]
[dunetrektours.com/index1bfc.html]
[dunetrektours.com/one-day-trip/hot-air-balloon-adventure-in-marrakech/844-1755-44411.html]
[dunetrektours.com/wp-content/plugins/omnisend/styles/site-stylesd5ac.css]
[dunetrektours.com/wp-content/uploads/elementor/css/post-116893452.css]
[dunetrektours.com/index53b0.html]
[dunetrektours.com/one-day-trip/to-ouzoud-waterfalls/844-1755-44411.html]
[dunetrektours.com/wp-content/plugins/omnisend/styles/site-stylesdd60.css]
[dunetrektours.com/wp-content/uploads/elementor/css/post-116472863.css]
[dunetrektours.com/indexa4b9.html]
[dunetrektours.com/multi-day-trip/9-day-morocco-adventure/844-1755-44411.html]
[dunetrektours.com/wp-content/plugins/omnisend/styles/site-stylesdfc1.css]
[dunetrektours.com/wp-content/uploads/elementor/css/post-126895642.css]
[dunetrektours.com/index7b40.html]
[dunetrektours.com/multi-day-trip/a-3-day-tour-from-fes-to-merzouga/844-1755-44411.html]
[dunetrektours.com/wp-content/plugins/omnisend/styles/site-stylesada3.css]
[dunetrektours.com/wp-content/plugins/omnisend/styles/site-stylesa521.css]
[dunetrektours.com/trek/jebel-saghro-trek/844-1755-44412.html]
[dunetrektours.com/wp-content/plugins/omnisend/styles/site-styles989d.css]
[dunetrektours.com/trek/rose-valley-trek/844-1755-44412.html]
[dunetrektours.com/wp-content/plugins/omnisend/styles/site-stylesad0a.css]
[dunetrektours.com/trek/mount-mgoun-trek/844-1755-44412.html]
